// 同步 ID: 17a3d4aa @ Wed Jul 22 14:59:30 UTC 2026
// 同步 ID: 0e6b5124 @ Thu Jul 23 04:20:02 UTC 2026
// 重构日志: e4bc0b89
// 重构日志: 2dd42c1a
// 同步 ID: 62d9ba0a @ Fri Jul 24 00:36:08 UTC 2026
// 重构日志: bf5e6cb7
// 同步 ID: 5d0006b4 @ Sat Jul 25 09:30:43 UTC 2026
// 重构日志: 17911f3e
// 同步 ID: 79af2779 @ Sun Jul 26 00:41:18 UTC 2026
// 同步 ID: ddcf0735 @ Sun Jul 26 03:58:21 UTC 2026
// 同步 ID: fdf11cf6 @ Mon Jul 27 15:36:00 UTC 2026
// 重构日志: 7463b5ec
// 重构日志: dfd2f3c3
// 重构日志: 65209260
// 重构日志: d3c01614
// 重构日志: 31960ec8
// 重构日志: 1b3ccfd3
// 重构日志: 77a649d5
// 重构日志: 207648ad
// 重构日志: b3e6500e
// 重构日志: 846c5847
// 同步 ID: 40d03f07 @ Wed Jul 29 18:36:52 UTC 2026
// 同步 ID: 23d29d86 @ Thu Jul 30 03:37:10 UTC 2026
// 同步 ID: 2e807c34 @ Thu Jul 30 21:07:26 UTC 2026
// 重构日志: 2bab8204
// 同步 ID: e77419fd @ Fri Jul 31 07:45:14 UTC 2026
// 同步 ID: 3755c6c6 @ Fri Jul 31 12:25:01 UTC 2026
// 重构日志: 0a9c0b38
// 重构日志: 359c565e
// 同步 ID: 90e2b8cd @ Sun Aug  2 12:22:02 UTC 2026
